<?php return array (
  0 => 'Symfony\\Bundle\\FrameworkBundle\\Controller\\AbstractController',
  1 => 'App\\Controller\\HomeController',
  2 => 'App\\Entity\\Article',
  3 => 'App\\Entity\\Classification',
  4 => 'App\\Entity\\Commande',
  5 => 'App\\Entity\\DetailCommande',
  6 => 'App\\Entity\\Famille',
  7 => 'App\\Entity\\SousFamille',
  8 => 'App\\Entity\\Utilisateur',
  9 => 'Doctrine\\Bundle\\DoctrineBundle\\Controller\\ProfilerController',
  10 => 'Doctrine\\ORM\\Cache\\Persister\\Entity\\AbstractEntityPersister',
  11 => 'Doctrine\\ORM\\Cache\\Persister\\Entity\\CachedEntityPersister',
  12 => 'Doctrine\\ORM\\Cache\\Persister\\Entity\\NonStrictReadWriteCachedEntityPersister',
  13 => 'Doctrine\\ORM\\Cache\\Persister\\Entity\\ReadOnlyCachedEntityPersister',
  14 => 'Doctrine\\ORM\\Cache\\Persister\\Entity\\ReadWriteCachedEntityPersister',
  15 => 'Doctrine\\ORM\\Persisters\\Entity\\AbstractEntityInheritancePersister',
  16 => 'Doctrine\\ORM\\Persisters\\Entity\\BasicEntityPersister',
  17 => 'Doctrine\\ORM\\Persisters\\Entity\\CachedPersisterContext',
  18 => 'Doctrine\\ORM\\Persisters\\Entity\\EntityPersister',
  19 => 'Doctrine\\ORM\\Persisters\\Entity\\JoinedSubclassPersister',
  20 => 'Doctrine\\ORM\\Persisters\\Entity\\SingleTablePersister',
  21 => 'EasyCorp\\Bundle\\EasyAdminBundle\\Contracts\\Controller\\CrudControllerInterface',
  22 => 'EasyCorp\\Bundle\\EasyAdminBundle\\Contracts\\Controller\\DashboardControllerInterface',
  23 => 'EasyCorp\\Bundle\\EasyAdminBundle\\Controller\\AbstractCrudController',
  24 => 'EasyCorp\\Bundle\\EasyAdminBundle\\Controller\\AbstractDashboardController',
  26 => 'Symfony\\Bundle\\FrameworkBundle\\Controller\\ControllerResolver',
  27 => 'Symfony\\Bundle\\FrameworkBundle\\Controller\\RedirectController',
  28 => 'Symfony\\Bundle\\FrameworkBundle\\Controller\\TemplateController',
  29 => 'Symfony\\Bundle\\WebProfilerBundle\\Controller\\ExceptionPanelController',
  30 => 'Symfony\\Bundle\\WebProfilerBundle\\Controller\\ProfilerController',
  31 => 'Symfony\\Bundle\\WebProfilerBundle\\Controller\\RouterController',
  32 => 'Symfony\\Component\\HttpKernel\\Controller\\ArgumentResolver',
  33 => 'Symfony\\Component\\HttpKernel\\Controller\\ArgumentResolverInterface',
  34 => 'Symfony\\Component\\HttpKernel\\Controller\\ArgumentResolver\\BackedEnumValueResolver',
  35 => 'Symfony\\Component\\HttpKernel\\Controller\\ArgumentResolver\\DateTimeValueResolver',
  36 => 'Symfony\\Component\\HttpKernel\\Controller\\ArgumentResolver\\DefaultValueResolver',
  37 => 'Symfony\\Component\\HttpKernel\\Controller\\ArgumentResolver\\NotTaggedControllerValueResolver',
  38 => 'Symfony\\Component\\HttpKernel\\Controller\\ArgumentResolver\\RequestAttributeValueResolver',
  39 => 'Symfony\\Component\\HttpKernel\\Controller\\ArgumentResolver\\RequestValueResolver',
  40 => 'Symfony\\Component\\HttpKernel\\Controller\\ArgumentResolver\\ServiceValueResolver',
  41 => 'Symfony\\Component\\HttpKernel\\Controller\\ArgumentResolver\\SessionValueResolver',
  42 => 'Symfony\\Component\\HttpKernel\\Controller\\ArgumentResolver\\TraceableValueResolver',
  43 => 'Symfony\\Component\\HttpKernel\\Controller\\ArgumentResolver\\UidValueResolver',
  44 => 'Symfony\\Component\\HttpKernel\\Controller\\ArgumentResolver\\VariadicValueResolver',
  45 => 'Symfony\\Component\\HttpKernel\\Controller\\ArgumentValueResolverInterface',
  46 => 'Symfony\\Component\\HttpKernel\\Controller\\ContainerControllerResolver',
  47 => 'Symfony\\Component\\HttpKernel\\Controller\\ControllerReference',
  48 => 'Symfony\\Component\\HttpKernel\\Controller\\ControllerResolver',
  49 => 'Symfony\\Component\\HttpKernel\\Controller\\ControllerResolverInterface',
  50 => 'Symfony\\Component\\HttpKernel\\Controller\\ErrorController',
  51 => 'Symfony\\Component\\HttpKernel\\Controller\\TraceableArgumentResolver',
  52 => 'Symfony\\Component\\HttpKernel\\Controller\\TraceableControllerResolver',
  53 => 'Symfony\\Component\\Security\\Http\\Controller\\UserValueResolver',
);